comment-1